Partial/Required:  3.33, Required:    400.0, Partial:  1333.42, Net: _05860_, Pin: _21504_/B2, Layer: met2
Partial/Required:  3.06, Required:    400.0, Partial:  1225.27, Net: _07704_, Pin: _23087_/C1, Layer: met2
Partial/Required:  2.80, Required:    400.0, Partial:  1119.56, Net: _07661_, Pin: _23676_/A, Layer: met1
Partial/Required:  2.70, Required:    400.0, Partial:  1079.33, Net: _13541_, Pin: _31731_/A0, Layer: met1
Partial/Required:  2.48, Required:    400.0, Partial:    990.0, Net: _13434_, Pin: _31342_/A0, Layer: met1
Partial/Required:  2.40, Required:    400.0, Partial:   961.67, Net: _05104_, Pin: _20369_/A0, Layer: met1
Partial/Required:  2.39, Required:    400.0, Partial:   955.33, Net: _04890_, Pin: _20626_/D, Layer: met1
Partial/Required:  2.28, Required:    400.0, Partial:   912.42, Net: _15362_, Pin: _21516_/S0, Layer: met3
Partial/Required:  2.24, Required:    400.0, Partial:    896.0, Net: _13271_, Pin: _31577_/A1, Layer: met1
Partial/Required:  1.85, Required:    400.0, Partial:   741.11, Net: _12376_, Pin: _29675_/A1, Layer: met1
Partial/Required:  1.67, Required:    400.0, Partial:   668.89, Net: _13003_, Pin: _30830_/A1, Layer: met1
Partial/Required:  1.63, Required:    400.0, Partial:   652.32, Net: _07704_, Pin: _23087_/C1, Layer: met1
Partial/Required:  1.56, Required:    400.0, Partial:   622.11, Net: _05791_, Pin: _21126_/A1, Layer: met1
Partial/Required:  1.54, Required:    400.0, Partial:   617.28, Net: _04428_, Pin: _31696_/A, Layer: met1
Partial/Required:  1.52, Required:    400.0, Partial:   607.56, Net: _13240_, Pin: _31191_/A0, Layer: met1
Partial/Required:  1.51, Required:    400.0, Partial:   603.89, Net: _04672_, Pin: _29580_/C, Layer: met1
Partial/Required:  1.40, Required:    400.0, Partial:   559.78, Net: _15125_, Pin: _21805_/C_N, Layer: met1
Partial/Required:  1.36, Required:    400.0, Partial:   544.67, Net: _15489_, Pin: _22293_/A, Layer: met1
Partial/Required:  1.36, Required:    400.0, Partial:   543.11, Net: _05425_, Pin: _20911_/A0, Layer: met1
Partial/Required:  1.35, Required:    400.0, Partial:   540.67, Net: input_sram.mem\[24\]\[7\], Pin: _20882_/A1, Layer: met1
Partial/Required:  1.34, Required:    400.0, Partial:    536.0, Net: _13391_, Pin: _31421_/A0, Layer: met1
Partial/Required:  1.33, Required:    400.0, Partial:   532.11, Net: input_sram.mem\[124\]\[6\], Pin: hold1962/A, Layer: met1
Partial/Required:  1.29, Required:    400.0, Partial:   517.06, Net: _10621_, Pin: _27358_/S, Layer: met1
Partial/Required:  1.26, Required:    400.0, Partial:   503.89, Net: _05601_, Pin: _20903_/A0, Layer: met1
Partial/Required:  1.26, Required:    400.0, Partial:   502.56, Net: _12893_, Pin: _31771_/A, Layer: met1
Partial/Required:  1.24, Required:    400.0, Partial:   496.78, Net: _09923_, Pin: _26328_/A0, Layer: met1
Partial/Required:  1.20, Required:    400.0, Partial:   478.56, Net: _04464_, Pin: _19045_/A0, Layer: met1
Partial/Required:  1.18, Required:    400.0, Partial:   471.78, Net: _13126_, Pin: _31115_/A1, Layer: met1
Partial/Required:  1.14, Required:    400.0, Partial:   456.33, Net: _11548_, Pin: _28562_/A1, Layer: met1
Partial/Required:  1.14, Required:    400.0, Partial:   455.22, Net: _04948_, Pin: _30140_/C, Layer: met1
Partial/Required:  1.13, Required:    400.0, Partial:   452.84, Net: input_sram.mem\[97\]\[3\], Pin: _23220_/A0, Layer: met1
Partial/Required:  1.12, Required:    400.0, Partial:   449.11, Net: input_sram.mem\[240\]\[5\], Pin: _18301_/A0, Layer: met1
Partial/Required:  1.10, Required:    400.0, Partial:   440.33, Net: _07487_, Pin: _22834_/B, Layer: met1
Partial/Required:  1.05, Required:    400.0, Partial:   421.44, Net: input_sram.mem\[244\]\[7\], Pin: _18704_/A0, Layer: met1
Partial/Required:  1.04, Required:    400.0, Partial:   414.56, Net: input_sram.mem\[129\]\[2\], Pin: _21614_/A, Layer: met1
Partial/Required:  1.03, Required:    400.0, Partial:   410.11, Net: _04304_, Pin: _19464_/C, Layer: met1
Partial/Required:  1.02, Required:    400.0, Partial:   407.11, Net: input_sram.mem\[247\]\[7\], Pin: _22390_/A1, Layer: met1
